[INFO] Scanning for projects...
[INFO] 
[INFO] -----------------< com.payflow:payflow-orchestration >------------------
[INFO] Building PayFlow Payment Orchestration Layer 1.0.0
[INFO]   from pom.xml
[INFO] --------------------------------[ jar ]---------------------------------
[INFO] 
[INFO] --- resources:3.3.1:resources (default-resources) @ payflow-orchestration ---
[INFO] Copying 1 resource from src\main\resources to target\classes
[INFO] Copying 1 resource from src\main\resources to target\classes
[INFO] 
[INFO] --- compiler:3.13.0:compile (default-compile) @ payflow-orchestration ---
[INFO] Recompiling the module because of changed source code.
[INFO] Compiling 35 source files with javac [debug parameters release 21] to target\classes
[INFO] 
[INFO] --- resources:3.3.1:testResources (default-testResources) @ payflow-orchestration ---
[INFO] skip non existing resourceDirectory C:\Users\Kapil S\Downloads\personal\payflow-orchestration-java\src\test\resources
[INFO] 
[INFO] --- compiler:3.13.0:testCompile (default-testCompile) @ payflow-orchestration ---
[INFO] Recompiling the module because of changed dependency.
[INFO] Compiling 4 source files with javac [debug parameters release 21] to target\test-classes
[INFO] 
[INFO] --- surefire:3.2.5:test (default-test) @ payflow-orchestration ---
[INFO] Using auto detected provider org.apache.maven.surefire.junitplatform.JUnitPlatformProvider
[INFO] 
[INFO] -------------------------------------------------------
[INFO]  T E S T S
[INFO] -------------------------------------------------------
[INFO] Running com.payflow.PaymentFlowIntegrationTest
13:06:43.697 [main] INFO org.springframework.test.context.support.AnnotationConfigContextLoaderUtils -- Could not detect default configuration classes for test class [com.payflow.PaymentFlowIntegrationTest]: PaymentFlowIntegrationTest does not declare any static, non-private, non-final, nested classes annotated with @Configuration.
13:06:43.889 [main] INFO org.springframework.boot.test.context.SpringBootTestContextBootstrapper -- Found @SpringBootConfiguration com.payflow.PayFlowApplication for test class com.payflow.PaymentFlowIntegrationTest

  .   ____          _            __ _ _
 /\\ / ___'_ __ _ _(_)_ __  __ _ \ \ \ \
( ( )\___ | '_ | '_| | '_ \/ _` | \ \ \ \
 \\/  ___)| |_)| | | | | || (_| |  ) ) ) )
  '  |____| .__|_| |_|_| |_\__, | / / / /
 =========|_|==============|___/=/_/_/_/

 :: Spring Boot ::                (v3.3.4)

2026-10-01T13:06:44.720+05:30  INFO 1504 --- [           main] com.payflow.PaymentFlowIntegrationTest   : Starting PaymentFlowIntegrationTest using Java 21.0.8 with PID 1504 (started by Kapil S in C:\Users\Kapil S\Downloads\personal\payflow-orchestration-java)
2026-10-01T13:06:44.723+05:30  INFO 1504 --- [           main] com.payflow.PaymentFlowIntegrationTest   : No active profile set, falling back to 1 default profile: "default"
2026-10-01T13:06:45.961+05:30  INFO 1504 --- [           main] .s.d.r.c.RepositoryConfigurationDelegate : Bootstrapping Spring Data JPA repositories in DEFAULT mode.
2026-10-01T13:06:46.071+05:30  INFO 1504 --- [           main] .s.d.r.c.RepositoryConfigurationDelegate : Finished Spring Data repository scanning in 94 ms. Found 9 JPA repository interfaces.
2026-10-01T13:06:46.616+05:30  INFO 1504 --- [           main] com.zaxxer.hikari.HikariDataSource       : HikariPool-1 - Starting...
2026-10-01T13:06:46.955+05:30  INFO 1504 --- [           main] com.zaxxer.hikari.pool.HikariPool        : HikariPool-1 - Added connection conn0: url=jdbc:h2:mem:payflow user=SA
2026-10-01T13:06:46.959+05:30  INFO 1504 --- [           main] com.zaxxer.hikari.HikariDataSource       : HikariPool-1 - Start completed.
2026-10-01T13:06:47.125+05:30  INFO 1504 --- [           main] o.hibernate.jpa.internal.util.LogHelper  : HHH000204: Processing PersistenceUnitInfo [name: default]
2026-10-01T13:06:47.238+05:30  INFO 1504 --- [           main] org.hibernate.Version                    : HHH000412: Hibernate ORM core version 6.5.3.Final
2026-10-01T13:06:47.298+05:30  INFO 1504 --- [           main] o.h.c.internal.RegionFactoryInitiator    : HHH000026: Second-level cache disabled
2026-10-01T13:06:47.784+05:30  INFO 1504 --- [           main] o.s.o.j.p.SpringPersistenceUnitInfo      : No LoadTimeWeaver setup: ignoring JPA class transformer
2026-10-01T13:06:49.395+05:30  INFO 1504 --- [           main] o.h.e.t.j.p.i.JtaPlatformInitiator       : HHH000489: No JTA platform available (set 'hibernate.transaction.jta.platform' to enable JTA platform integration)
2026-10-01T13:06:49.546+05:30  INFO 1504 --- [           main] j.LocalContainerEntityManagerFactoryBean : Initialized JPA EntityManagerFactory for persistence unit 'default'
2026-10-01T13:06:49.945+05:30  INFO 1504 --- [           main] o.s.d.j.r.query.QueryEnhancerFactory     : Hibernate is in classpath; If applicable, HQL parser will be used.
2026-10-01T13:06:51.374+05:30  INFO 1504 --- [           main] o.s.b.a.h2.H2ConsoleAutoConfiguration    : H2 console available at '/h2-console'. Database available at 'jdbc:h2:mem:payflow'
2026-10-01T13:06:51.447+05:30  INFO 1504 --- [           main] o.s.b.t.m.w.SpringBootMockServletContext : Initializing Spring TestDispatcherServlet ''
2026-10-01T13:06:51.447+05:30  INFO 1504 --- [           main] o.s.t.web.servlet.TestDispatcherServlet  : Initializing Servlet ''
2026-10-01T13:06:51.450+05:30  INFO 1504 --- [           main] o.s.t.web.servlet.TestDispatcherServlet  : Completed initialization in 3 ms
2026-10-01T13:06:51.476+05:30  INFO 1504 --- [           main] com.payflow.PaymentFlowIntegrationTest   : Started PaymentFlowIntegrationTest in 7.25 seconds (process running for 8.953)
2026-10-01T13:06:51.576+05:30  INFO 1504 --- [   scheduling-1] c.payflow.service.ReconciliationService  : reconciliation run recon_0072607e flagged 0 transactions
2026-10-01T13:06:51.611+05:30  INFO 1504 --- [           main] com.payflow.config.DataSeeder            : gateway routes + routing config seeded
WARNING: A Java agent has been loaded dynamically (C:\Users\Kapil S\.m2\repository\net\bytebuddy\byte-buddy-agent\1.14.19\byte-buddy-agent-1.14.19.jar)
WARNING: If a serviceability tool is in use, please run with -XX:+EnableDynamicAgentLoading to hide this warning
WARNING: If a serviceability tool is not in use, please run with -Djdk.instrument.traceUsage for more information
WARNING: Dynamic loading of agents will be disallowed by default in a future release
OpenJDK 64-Bit Server VM warning: Sharing is only supported for boot loader classes because bootstrap classpath has been appended
[INFO] Tests run: 6, Failures: 0, Errors: 0, Skipped: 0, Time elapsed: 11.90 s -- in com.payflow.PaymentFlowIntegrationTest
[INFO] Running com.payflow.RoutingEngineTest
2026-10-01T13:06:55.338+05:30  INFO 1504 --- [           main] t.c.s.AnnotationConfigContextLoaderUtils : Could not detect default configuration classes for test class [com.payflow.RoutingEngineTest]: RoutingEngineTest does not declare any static, non-private, non-final, nested classes annotated with @Configuration.
2026-10-01T13:06:55.342+05:30  INFO 1504 --- [           main] .b.t.c.SpringBootTestContextBootstrapper : Found @SpringBootConfiguration com.payflow.PayFlowApplication for test class com.payflow.RoutingEngineTest

  .   ____          _            __ _ _
 /\\ / ___'_ __ _ _(_)_ __  __ _ \ \ \ \
( ( )\___ | '_ | '_| | '_ \/ _` | \ \ \ \
 \\/  ___)| |_)| | | | | || (_| |  ) ) ) )
  '  |____| .__|_| |_|_| |_\__, | / / / /
 =========|_|==============|___/=/_/_/_/

 :: Spring Boot ::                (v3.3.4)

2026-10-01T13:06:55.420+05:30  INFO 1504 --- [           main] com.payflow.RoutingEngineTest            : Starting RoutingEngineTest using Java 21.0.8 with PID 1504 (started by Kapil S in C:\Users\Kapil S\Downloads\personal\payflow-orchestration-java)
2026-10-01T13:06:55.420+05:30  INFO 1504 --- [           main] com.payflow.RoutingEngineTest            : No active profile set, falling back to 1 default profile: "default"
2026-10-01T13:06:55.603+05:30  INFO 1504 --- [           main] .s.d.r.c.RepositoryConfigurationDelegate : Bootstrapping Spring Data JPA repositories in DEFAULT mode.
2026-10-01T13:06:55.616+05:30  INFO 1504 --- [           main] .s.d.r.c.RepositoryConfigurationDelegate : Finished Spring Data repository scanning in 14 ms. Found 9 JPA repository interfaces.
2026-10-01T13:06:55.667+05:30  INFO 1504 --- [           main] com.zaxxer.hikari.HikariDataSource       : HikariPool-2 - Starting...
2026-10-01T13:06:55.667+05:30  INFO 1504 --- [           main] com.zaxxer.hikari.pool.HikariPool        : HikariPool-2 - Added connection conn10: url=jdbc:h2:mem:payflow user=SA
2026-10-01T13:06:55.667+05:30  INFO 1504 --- [           main] com.zaxxer.hikari.HikariDataSource       : HikariPool-2 - Start completed.
2026-10-01T13:06:55.686+05:30  INFO 1504 --- [           main] o.hibernate.jpa.internal.util.LogHelper  : HHH000204: Processing PersistenceUnitInfo [name: default]
2026-10-01T13:06:55.688+05:30  INFO 1504 --- [           main] o.h.c.internal.RegionFactoryInitiator    : HHH000026: Second-level cache disabled
2026-10-01T13:06:55.695+05:30  INFO 1504 --- [           main] o.s.o.j.p.SpringPersistenceUnitInfo      : No LoadTimeWeaver setup: ignoring JPA class transformer
2026-10-01T13:06:55.886+05:30  INFO 1504 --- [           main] o.h.e.t.j.p.i.JtaPlatformInitiator       : HHH000489: No JTA platform available (set 'hibernate.transaction.jta.platform' to enable JTA platform integration)
2026-10-01T13:06:55.890+05:30  INFO 1504 --- [           main] j.LocalContainerEntityManagerFactoryBean : Initialized JPA EntityManagerFactory for persistence unit 'default'
2026-10-01T13:06:56.059+05:30  INFO 1504 --- [           main] o.s.b.a.h2.H2ConsoleAutoConfiguration    : H2 console available at '/h2-console'. Database available at 'jdbc:h2:mem:payflow'
2026-10-01T13:06:56.074+05:30  INFO 1504 --- [           main] com.payflow.RoutingEngineTest            : Started RoutingEngineTest in 0.725 seconds (process running for 13.551)
2026-10-01T13:06:56.078+05:30  INFO 1504 --- [   scheduling-1] c.payflow.service.ReconciliationService  : reconciliation run recon_98ec29c9 flagged 0 transactions
2026-10-01T13:06:56.081+05:30  INFO 1504 --- [           main] com.payflow.config.DataSeeder            : gateway routes + routing config seeded
[INFO] Tests run: 4, Failures: 0, Errors: 0, Skipped: 0, Time elapsed: 0.801 s -- in com.payflow.RoutingEngineTest
[INFO] Running com.payflow.StateMachineTest
[INFO] Tests run: 5, Failures: 0, Errors: 0, Skipped: 0, Time elapsed: 0.009 s -- in com.payflow.StateMachineTest
[INFO] Running com.payflow.WebhookAndReconciliationTest
2026-10-01T13:06:56.155+05:30  INFO 1504 --- [           main] t.c.s.AnnotationConfigContextLoaderUtils : Could not detect default configuration classes for test class [com.payflow.WebhookAndReconciliationTest]: WebhookAndReconciliationTest does not declare any static, non-private, non-final, nested classes annotated with @Configuration.
2026-10-01T13:06:56.159+05:30  INFO 1504 --- [           main] .b.t.c.SpringBootTestContextBootstrapper : Found @SpringBootConfiguration com.payflow.PayFlowApplication for test class com.payflow.WebhookAndReconciliationTest
2026-10-01T13:06:56.231+05:30  INFO 1504 --- [           main] c.payflow.service.ReconciliationService  : reconciliation run recon_fc9e4d14 flagged 0 transactions
[INFO] Tests run: 7, Failures: 0, Errors: 0, Skipped: 0, Time elapsed: 0.125 s -- in com.payflow.WebhookAndReconciliationTest
[INFO] 
[INFO] Results:
[INFO] 
[INFO] Tests run: 22, Failures: 0, Errors: 0, Skipped: 0
[INFO] 
[INFO] ------------------------------------------------------------------------
[INFO] BUILD SUCCESS
[INFO] ------------------------------------------------------------------------
[INFO] Total time:  19.809 s
[INFO] Finished at: 2026-10-01T13:06:56+05:30
[INFO] ------------------------------------------------------------------------
